AR mux3bits behavioral C:/Users/justi_000/Desktop/mips/MIPS/MIPS/MUX3bits.vhd sub00/vhpl03 1443484316
EN signext8 NULL C:/Users/justi_000/Desktop/mips/MIPS/MIPS/SignExt8.vhd sub00/vhpl10 1443484323
EN plus2 NULL C:/Users/justi_000/Desktop/mips/MIPS/MIPS/Plus2.vhd sub00/vhpl06 1443484319
AR mips behavioral C:/Users/justi_000/Desktop/mips/MIPS/MIPS/MIPS.vhd sub00/vhpl37 1443484350
EN dmem NULL C:/Users/justi_000/Desktop/mips/MIPS/MIPS/Dmem.vhd sub00/vhpl16 1443484329
EN hex_7seg_dec NULL C:/Users/justi_000/Desktop/mips/MIPS/MIPS/HEX_7-Seg_DEC.vhd sub00/vhpl32 1443484345
EN m4to1_4 NULL C:/Users/justi_000/Desktop/mips/MIPS/MIPS/M4to1_8.vhd sub00/vhpl34 1443484347
AR clk_div behavioral C:/Users/justi_000/Desktop/mips/MIPS/MIPS/clk_div.vhd sub00/vhpl27 1443484340
EN regfile NULL C:/Users/justi_000/Desktop/mips/MIPS/MIPS/RegFile.vhd sub00/vhpl18 1443484331
AR control_out behavioral C:/Users/justi_000/Desktop/mips/MIPS/MIPS/control_out.vhd sub00/vhpl29 1443484342
MO CPU NULL CPU.vf vlg70/_c_p_u.bin 1443484313
EN aludec NULL C:/Users/justi_000/Desktop/mips/MIPS/MIPS/ALUDec.vhd sub00/vhpl24 1443484337
AR pcbranch behavioral C:/Users/justi_000/Desktop/mips/MIPS/MIPS/PCBranch.vhd sub00/vhpl13 1443484326
AR mux8bits behavioral C:/Users/justi_000/Desktop/mips/MIPS/MIPS/MUX8bits.vhd sub00/vhpl01 1443484314
AR maindec behavioral C:/Users/justi_000/Desktop/mips/MIPS/MIPS/MainDEC.vhd sub00/vhpl23 1443484336
AR aludec behavioral C:/Users/justi_000/Desktop/mips/MIPS/MIPS/ALUDec.vhd sub00/vhpl25 1443484338
AR signext8 behavioral C:/Users/justi_000/Desktop/mips/MIPS/MIPS/SignExt8.vhd sub00/vhpl11 1443484324
EN mux3bits NULL C:/Users/justi_000/Desktop/mips/MIPS/MIPS/MUX3bits.vhd sub00/vhpl02 1443484315
EN shiftleft NULL C:/Users/justi_000/Desktop/mips/MIPS/MIPS/ShiftLeft.vhd sub00/vhpl20 1443484333
EN pc NULL C:/Users/justi_000/Desktop/mips/MIPS/MIPS/PC.vhd sub00/vhpl04 1443484317
EN maindec NULL C:/Users/justi_000/Desktop/mips/MIPS/MIPS/MainDEC.vhd sub00/vhpl22 1443484335
AR shiftleft behavioral C:/Users/justi_000/Desktop/mips/MIPS/MIPS/ShiftLeft.vhd sub00/vhpl21 1443484334
AR i_mem behavioral C:/Users/justi_000/Desktop/mips/MIPS/MIPS/I_MEM.vhd sub00/vhpl09 1443484322
EN contr_7seg NULL C:/Users/justi_000/Desktop/mips/MIPS/MIPS/Contr_7seg.vhd sub00/vhpl30 1443484343
EN mux8bits NULL C:/Users/justi_000/Desktop/mips/MIPS/MIPS/MUX8bits.vhd sub00/vhpl00 1443484313
AR dmem behavioral C:/Users/justi_000/Desktop/mips/MIPS/MIPS/Dmem.vhd sub00/vhpl17 1443484330
AR hex_7seg_dec behavioral C:/Users/justi_000/Desktop/mips/MIPS/MIPS/HEX_7-Seg_DEC.vhd sub00/vhpl33 1443484346
AR m4to1_4 behavioral C:/Users/justi_000/Desktop/mips/MIPS/MIPS/M4to1_8.vhd sub00/vhpl35 1443484348
EN mips NULL C:/Users/justi_000/Desktop/mips/MIPS/MIPS/MIPS.vhd sub00/vhpl36 1443484349
AR alu behavioral C:/Users/justi_000/Desktop/mips/MIPS/MIPS/ALU.vhd sub00/vhpl15 1443484328
AR contr_7seg behavioral C:/Users/justi_000/Desktop/mips/MIPS/MIPS/Contr_7seg.vhd sub00/vhpl31 1443484344
EN pcbranch NULL C:/Users/justi_000/Desktop/mips/MIPS/MIPS/PCBranch.vhd sub00/vhpl12 1443484325
AR plus2 behavioral C:/Users/justi_000/Desktop/mips/MIPS/MIPS/Plus2.vhd sub00/vhpl07 1443484320
EN i_mem NULL C:/Users/justi_000/Desktop/mips/MIPS/MIPS/I_MEM.vhd sub00/vhpl08 1443484321
AR pc behavioral C:/Users/justi_000/Desktop/mips/MIPS/MIPS/PC.vhd sub00/vhpl05 1443484318
EN control_out NULL C:/Users/justi_000/Desktop/mips/MIPS/MIPS/control_out.vhd sub00/vhpl28 1443484341
EN clk_div NULL C:/Users/justi_000/Desktop/mips/MIPS/MIPS/clk_div.vhd sub00/vhpl26 1443484339
AR regfile behavioral C:/Users/justi_000/Desktop/mips/MIPS/MIPS/RegFile.vhd sub00/vhpl19 1443484332
EN alu NULL C:/Users/justi_000/Desktop/mips/MIPS/MIPS/ALU.vhd sub00/vhpl14 1443484327
