V3 72
FL C:/Users/justi_000/Desktop/mips/MIPS/MIPS/ALU.vhd 2009/04/28.22:55:50 P.20131013
EN work/ALU 1443484327 FL C:/Users/justi_000/Desktop/mips/MIPS/MIPS/ALU.vhd \
      PB ieee/std_logic_1164 1381692176 PB ieee/std_logic_arith 1381692177 \
      PB ieee/STD_LOGIC_UNSIGNED 1381692179
AR work/ALU/Behavioral 1443484328 \
      FL C:/Users/justi_000/Desktop/mips/MIPS/MIPS/ALU.vhd EN work/ALU 1443484327
FL C:/Users/justi_000/Desktop/mips/MIPS/MIPS/ALUDec.vhd 2009/04/28.22:32:44 P.20131013
EN work/ALUDec 1443484337 FL C:/Users/justi_000/Desktop/mips/MIPS/MIPS/ALUDec.vhd \
      PB ieee/std_logic_1164 1381692176 PB ieee/std_logic_arith 1381692177 \
      PB ieee/STD_LOGIC_UNSIGNED 1381692179
AR work/ALUDec/Behavioral 1443484338 \
      FL C:/Users/justi_000/Desktop/mips/MIPS/MIPS/ALUDec.vhd EN work/ALUDec 1443484337
FL C:/Users/justi_000/Desktop/mips/MIPS/MIPS/clk_div.vhd 2009/05/04.20:18:16 P.20131013
EN work/clk_div 1443484339 \
      FL C:/Users/justi_000/Desktop/mips/MIPS/MIPS/clk_div.vhd \
      PB ieee/std_logic_1164 1381692176 PB ieee/std_logic_arith 1381692177 \
      PB ieee/STD_LOGIC_UNSIGNED 1381692179 LB UNISIM PH unisim/VCOMPONENTS 1381692182
AR work/clk_div/Behavioral 1443484340 \
      FL C:/Users/justi_000/Desktop/mips/MIPS/MIPS/clk_div.vhd EN work/clk_div 1443484339 \
      CP BUFGMUX
FL C:/Users/justi_000/Desktop/mips/MIPS/MIPS/control_out.vhd 2009/05/04.21:57:54 P.20131013
EN work/control_out 1443484341 \
      FL C:/Users/justi_000/Desktop/mips/MIPS/MIPS/control_out.vhd \
      PB ieee/std_logic_1164 1381692176 PB ieee/std_logic_arith 1381692177 \
      PB ieee/STD_LOGIC_UNSIGNED 1381692179
AR work/control_out/Behavioral 1443484342 \
      FL C:/Users/justi_000/Desktop/mips/MIPS/MIPS/control_out.vhd \
      EN work/control_out 1443484341
FL C:/Users/justi_000/Desktop/mips/MIPS/MIPS/Contr_7seg.vhd 2009/05/01.00:29:52 P.20131013
EN work/Contr_7seg 1443484343 \
      FL C:/Users/justi_000/Desktop/mips/MIPS/MIPS/Contr_7seg.vhd \
      PB ieee/std_logic_1164 1381692176 PB ieee/std_logic_arith 1381692177 \
      PB ieee/STD_LOGIC_UNSIGNED 1381692179 LB UNISIM PH unisim/VCOMPONENTS 1381692182
AR work/Contr_7seg/Behavioral 1443484344 \
      FL C:/Users/justi_000/Desktop/mips/MIPS/MIPS/Contr_7seg.vhd \
      EN work/Contr_7seg 1443484343 CP BUFGMUX
FL C:/Users/justi_000/Desktop/mips/MIPS/MIPS/Dmem.vhd 2009/04/28.21:31:24 P.20131013
EN work/Dmem 1443484329 FL C:/Users/justi_000/Desktop/mips/MIPS/MIPS/Dmem.vhd \
      PB ieee/std_logic_1164 1381692176 PB ieee/std_logic_arith 1381692177 \
      PB ieee/STD_LOGIC_UNSIGNED 1381692179
AR work/Dmem/Behavioral 1443484330 \
      FL C:/Users/justi_000/Desktop/mips/MIPS/MIPS/Dmem.vhd EN work/Dmem 1443484329
FL C:/Users/justi_000/Desktop/mips/MIPS/MIPS/HEX_7-Seg_DEC.vhd 2009/04/30.23:41:34 P.20131013
EN work/HEX_7Seg_DEC 1443484345 \
      FL C:/Users/justi_000/Desktop/mips/MIPS/MIPS/HEX_7-Seg_DEC.vhd \
      PB ieee/std_logic_1164 1381692176 PB ieee/std_logic_arith 1381692177 \
      PB ieee/STD_LOGIC_UNSIGNED 1381692179
AR work/HEX_7Seg_DEC/Behavioral 1443484346 \
      FL C:/Users/justi_000/Desktop/mips/MIPS/MIPS/HEX_7-Seg_DEC.vhd \
      EN work/HEX_7Seg_DEC 1443484345
FL C:/Users/justi_000/Desktop/mips/MIPS/MIPS/I_MEM.vhd 2015/09/28.19:45:46 P.20131013
EN work/I_MEM 1443484321 FL C:/Users/justi_000/Desktop/mips/MIPS/MIPS/I_MEM.vhd \
      PB ieee/std_logic_1164 1381692176 PB ieee/std_logic_arith 1381692177 \
      PB ieee/STD_LOGIC_UNSIGNED 1381692179
AR work/I_MEM/Behavioral 1443484322 \
      FL C:/Users/justi_000/Desktop/mips/MIPS/MIPS/I_MEM.vhd EN work/I_MEM 1443484321
FL C:/Users/justi_000/Desktop/mips/MIPS/MIPS/M4to1_8.vhd 2009/05/07.00:25:14 P.20131013
EN work/M4to1_4 1443484347 \
      FL C:/Users/justi_000/Desktop/mips/MIPS/MIPS/M4to1_8.vhd \
      PB ieee/std_logic_1164 1381692176 PB ieee/std_logic_arith 1381692177 \
      PB ieee/STD_LOGIC_UNSIGNED 1381692179
AR work/M4to1_4/Behavioral 1443484348 \
      FL C:/Users/justi_000/Desktop/mips/MIPS/MIPS/M4to1_8.vhd EN work/M4to1_4 1443484347
FL C:/Users/justi_000/Desktop/mips/MIPS/MIPS/MainDEC.vhd 2009/04/28.22:00:42 P.20131013
EN work/MainDEC 1443484335 \
      FL C:/Users/justi_000/Desktop/mips/MIPS/MIPS/MainDEC.vhd \
      PB ieee/std_logic_1164 1381692176 PB ieee/std_logic_arith 1381692177 \
      PB ieee/STD_LOGIC_UNSIGNED 1381692179
AR work/MainDEC/Behavioral 1443484336 \
      FL C:/Users/justi_000/Desktop/mips/MIPS/MIPS/MainDEC.vhd EN work/MainDEC 1443484335
FL C:/Users/justi_000/Desktop/mips/MIPS/MIPS/MIPS.vhd 2009/04/30.14:14:02 P.20131013
EN work/MIPS 1443484349 FL C:/Users/justi_000/Desktop/mips/MIPS/MIPS/MIPS.vhd \
      PB ieee/std_logic_1164 1381692176 PB ieee/std_logic_arith 1381692177 \
      PB ieee/STD_LOGIC_UNSIGNED 1381692179
AR work/MIPS/Behavioral 1443484350 \
      FL C:/Users/justi_000/Desktop/mips/MIPS/MIPS/MIPS.vhd EN work/MIPS 1443484349 \
      CP MUX8bits CP MUX3bits CP PC CP Plus2 CP I_MEM CP SignExt8 CP PCBranch CP ALU \
      CP Dmem CP RegFile CP ShiftLeft CP MainDEC CP ALUDec
FL C:/Users/justi_000/Desktop/mips/MIPS/MIPS/MUX3bits.vhd 2009/04/30.21:46:16 P.20131013
EN work/MUX3bits 1443484315 \
      FL C:/Users/justi_000/Desktop/mips/MIPS/MIPS/MUX3bits.vhd \
      PB ieee/std_logic_1164 1381692176 PB ieee/std_logic_arith 1381692177 \
      PB ieee/STD_LOGIC_UNSIGNED 1381692179
AR work/MUX3bits/Behavioral 1443484316 \
      FL C:/Users/justi_000/Desktop/mips/MIPS/MIPS/MUX3bits.vhd EN work/MUX3bits 1443484315
FL C:/Users/justi_000/Desktop/mips/MIPS/MIPS/MUX8bits.vhd 2009/05/07.00:24:14 P.20131013
EN work/MUX8bits 1443484313 \
      FL C:/Users/justi_000/Desktop/mips/MIPS/MIPS/MUX8bits.vhd \
      PB ieee/std_logic_1164 1381692176 PB ieee/std_logic_arith 1381692177 \
      PB ieee/STD_LOGIC_UNSIGNED 1381692179
AR work/MUX8bits/Behavioral 1443484314 \
      FL C:/Users/justi_000/Desktop/mips/MIPS/MIPS/MUX8bits.vhd EN work/MUX8bits 1443484313
FL C:/Users/justi_000/Desktop/mips/MIPS/MIPS/PC.vhd 2009/04/28.18:21:22 P.20131013
EN work/PC 1443484317 FL C:/Users/justi_000/Desktop/mips/MIPS/MIPS/PC.vhd \
      PB ieee/std_logic_1164 1381692176 PB ieee/std_logic_arith 1381692177 \
      PB ieee/STD_LOGIC_UNSIGNED 1381692179
AR work/PC/Behavioral 1443484318 \
      FL C:/Users/justi_000/Desktop/mips/MIPS/MIPS/PC.vhd EN work/PC 1443484317
FL C:/Users/justi_000/Desktop/mips/MIPS/MIPS/PCBranch.vhd 2009/04/28.20:31:22 P.20131013
EN work/PCBranch 1443484325 \
      FL C:/Users/justi_000/Desktop/mips/MIPS/MIPS/PCBranch.vhd \
      PB ieee/std_logic_1164 1381692176 PB ieee/std_logic_arith 1381692177 \
      PB ieee/STD_LOGIC_UNSIGNED 1381692179
AR work/PCBranch/Behavioral 1443484326 \
      FL C:/Users/justi_000/Desktop/mips/MIPS/MIPS/PCBranch.vhd EN work/PCBranch 1443484325
FL C:/Users/justi_000/Desktop/mips/MIPS/MIPS/Plus2.vhd 2009/04/28.20:09:14 P.20131013
EN work/Plus2 1443484319 FL C:/Users/justi_000/Desktop/mips/MIPS/MIPS/Plus2.vhd \
      PB ieee/std_logic_1164 1381692176 PB ieee/std_logic_arith 1381692177 \
      PB ieee/STD_LOGIC_UNSIGNED 1381692179
AR work/Plus2/Behavioral 1443484320 \
      FL C:/Users/justi_000/Desktop/mips/MIPS/MIPS/Plus2.vhd EN work/Plus2 1443484319
FL C:/Users/justi_000/Desktop/mips/MIPS/MIPS/RegFile.vhd 2009/05/01.00:28:40 P.20131013
EN work/RegFile 1443484331 \
      FL C:/Users/justi_000/Desktop/mips/MIPS/MIPS/RegFile.vhd \
      PB ieee/std_logic_1164 1381692176 PB ieee/std_logic_arith 1381692177 \
      PB ieee/STD_LOGIC_UNSIGNED 1381692179
AR work/RegFile/Behavioral 1443484332 \
      FL C:/Users/justi_000/Desktop/mips/MIPS/MIPS/RegFile.vhd EN work/RegFile 1443484331
FL C:/Users/justi_000/Desktop/mips/MIPS/MIPS/ShiftLeft.vhd 2009/04/28.21:42:00 P.20131013
EN work/ShiftLeft 1443484333 \
      FL C:/Users/justi_000/Desktop/mips/MIPS/MIPS/ShiftLeft.vhd \
      PB ieee/std_logic_1164 1381692176 PB ieee/std_logic_arith 1381692177 \
      PB ieee/STD_LOGIC_UNSIGNED 1381692179
AR work/ShiftLeft/Behavioral 1443484334 \
      FL C:/Users/justi_000/Desktop/mips/MIPS/MIPS/ShiftLeft.vhd \
      EN work/ShiftLeft 1443484333
FL C:/Users/justi_000/Desktop/mips/MIPS/MIPS/SignExt8.vhd 2009/04/28.20:14:02 P.20131013
EN work/SignExt8 1443484323 \
      FL C:/Users/justi_000/Desktop/mips/MIPS/MIPS/SignExt8.vhd \
      PB ieee/std_logic_1164 1381692176 PB ieee/std_logic_arith 1381692177 \
      PB ieee/STD_LOGIC_UNSIGNED 1381692179
AR work/SignExt8/Behavioral 1443484324 \
      FL C:/Users/justi_000/Desktop/mips/MIPS/MIPS/SignExt8.vhd EN work/SignExt8 1443484323
