MO part4sch2 NULL C:/Users/Student/Desktop/Lab1/part4sch2/part4sch2.vf vlg03/part4sch2.bin 1422468376
MO part4schTestBench NULL C:/Users/Student/Desktop/Lab1/part4sch2/part4schTestBench.tfw vlg5D/part4sch_test_bench.bin 1422468376
MO glbl NULL C:/Xilinx92i/verilog/src/glbl.v vlg2D/glbl.bin 1422468376
